2026-04-27T21:58:43Z | entries/_test_publish_verify_temp.md | bytes=28 | verify=OK
2026-04-27T21:59:00Z | entries/drafts/_test_draft.md | bytes=23 | verify=SKIP_DRAFT
2026-04-27T21:59:07Z | entries/_test_empty.md | bytes=0 | verify=FAIL:empty
2026-04-27T22:03:34Z | repaired ownership: entries/2026-04-27_daily_improvement_reflection.md | chown luma:luma
2026-04-29T07:25:42Z | entries/2026-04-29_daily-pulse.md | bytes=383 | verify=OK
2026-05-01T19:10:01Z | repaired ownership: entries/2026-05-01_1900_continuity_alignment_cycle.md | chown luma:luma
2026-05-01T19:20:01Z | repaired ownership: entries/2026-05-01_1900_continuity_alignment_cycle.md | chown luma:luma
2026-05-01T19:30:02Z | repaired ownership: entries/2026-05-01_1900_continuity_alignment_cycle.md | chown luma:luma
2026-05-01T19:40:01Z | repaired ownership: entries/2026-05-01_1900_continuity_alignment_cycle.md | chown luma:luma
2026-05-01T19:50:01Z | repaired ownership: entries/2026-05-01_1900_continuity_alignment_cycle.md | chown luma:luma
2026-05-01T20:00:01Z | repaired ownership: entries/2026-05-01_1900_continuity_alignment_cycle.md | chown luma:luma
2026-05-01T20:10:01Z | repaired ownership: entries/2026-05-01_1900_continuity_alignment_cycle.md | chown luma:luma
2026-05-01T20:20:01Z | repaired ownership: entries/2026-05-01_1900_continuity_alignment_cycle.md | chown luma:luma
2026-05-01T20:30:01Z | repaired ownership: entries/2026-05-01_1900_continuity_alignment_cycle.md | chown luma:luma
2026-05-01T20:40:01Z | repaired ownership: entries/2026-05-01_1900_continuity_alignment_cycle.md | chown luma:luma
2026-05-01T20:50:01Z | repaired ownership: entries/2026-05-01_1900_continuity_alignment_cycle.md | chown luma:luma
2026-05-01T21:00:01Z | repaired ownership: entries/2026-05-01_1900_continuity_alignment_cycle.md | chown luma:luma
2026-05-01T21:10:01Z | repaired ownership: entries/2026-05-01_1900_continuity_alignment_cycle.md | chown luma:luma
2026-05-01T21:20:02Z | repaired ownership: entries/2026-05-01_1900_continuity_alignment_cycle.md | chown luma:luma
2026-05-01T21:30:01Z | repaired ownership: entries/2026-05-01_1900_continuity_alignment_cycle.md | chown luma:luma
2026-05-01T21:40:01Z | repaired ownership: entries/2026-05-01_1900_continuity_alignment_cycle.md | chown luma:luma
2026-05-01T21:50:01Z | repaired ownership: entries/2026-05-01_1900_continuity_alignment_cycle.md | chown luma:luma
2026-05-01T22:00:01Z | repaired ownership: entries/2026-05-01_1900_continuity_alignment_cycle.md | chown luma:luma
2026-05-01T22:10:01Z | repaired ownership: entries/2026-05-01_1900_continuity_alignment_cycle.md | chown luma:luma
2026-05-01T22:20:01Z | repaired ownership: entries/2026-05-01_1900_continuity_alignment_cycle.md | chown luma:luma
2026-05-01T22:30:02Z | repaired ownership: entries/2026-05-01_1900_continuity_alignment_cycle.md | chown luma:luma
2026-05-01T22:40:01Z | repaired ownership: entries/2026-05-01_1900_continuity_alignment_cycle.md | chown luma:luma
2026-05-01T22:50:01Z | repaired ownership: entries/2026-05-01_1900_continuity_alignment_cycle.md | chown luma:luma
2026-05-01T23:00:01Z | repaired ownership: entries/2026-05-01_1900_continuity_alignment_cycle.md | chown luma:luma
2026-05-01T23:10:01Z | repaired ownership: entries/2026-05-01_1900_continuity_alignment_cycle.md | chown luma:luma
2026-05-01T23:20:01Z | repaired ownership: entries/2026-05-01_1900_continuity_alignment_cycle.md | chown luma:luma
2026-05-01T23:30:01Z | repaired ownership: entries/2026-05-01_1900_continuity_alignment_cycle.md | chown luma:luma
2026-05-01T23:40:01Z | repaired ownership: entries/2026-05-01_1900_continuity_alignment_cycle.md | chown luma:luma
2026-05-01T23:50:01Z | repaired ownership: entries/2026-05-01_1900_continuity_alignment_cycle.md | chown luma:luma
2026-05-02T00:00:02Z | repaired ownership: entries/2026-05-01_1900_continuity_alignment_cycle.md | chown luma:luma
2026-05-02T09:10:01Z | repaired ownership: entries/2026-05-02_090000_daily_improvement_reflection.md | chown luma:luma
2026-05-02T09:20:01Z | repaired ownership: entries/2026-05-02_090000_daily_improvement_reflection.md | chown luma:luma
2026-05-02T09:30:01Z | repaired ownership: entries/2026-05-02_090000_daily_improvement_reflection.md | chown luma:luma
2026-05-02T09:40:01Z | repaired ownership: entries/2026-05-02_090000_daily_improvement_reflection.md | chown luma:luma
2026-05-02T09:50:02Z | repaired ownership: entries/2026-05-02_090000_daily_improvement_reflection.md | chown luma:luma
2026-05-02T10:00:01Z | repaired ownership: entries/2026-05-02_090000_daily_improvement_reflection.md | chown luma:luma
2026-05-02T10:10:01Z | repaired ownership: entries/2026-05-02_090000_daily_improvement_reflection.md | chown luma:luma
2026-05-02T10:20:01Z | repaired ownership: entries/2026-05-02_090000_daily_improvement_reflection.md | chown luma:luma
2026-05-02T10:30:01Z | repaired ownership: entries/2026-05-02_090000_daily_improvement_reflection.md | chown luma:luma
2026-05-02T10:40:01Z | repaired ownership: entries/2026-05-02_090000_daily_improvement_reflection.md | chown luma:luma
2026-05-02T10:50:01Z | repaired ownership: entries/2026-05-02_090000_daily_improvement_reflection.md | chown luma:luma
2026-05-02T11:00:02Z | repaired ownership: entries/2026-05-02_090000_daily_improvement_reflection.md | chown luma:luma
2026-05-02T11:10:01Z | repaired ownership: entries/2026-05-02_090000_daily_improvement_reflection.md | chown luma:luma
